------------------------------------------------------------
Timing Analyzer Summary
------------------------------------------------------------

Type  : Slow 1200mV 85C Model Setup 'Clk'
Slack : 0.265
TNS   : 0.000

Type  : Slow 1200mV 85C Model Setup 'altera_reserved_tck'
Slack : 45.811
TNS   : 0.000

Type  : Slow 1200mV 85C Model Hold 'Clk'
Slack : 0.385
TNS   : 0.000

Type  : Slow 1200mV 85C Model Hold 'altera_reserved_tck'
Slack : 0.402
TNS   : 0.000

Type  : Slow 1200mV 85C Model Recovery 'Clk'
Slack : 14.054
TNS   : 0.000

Type  : Slow 1200mV 85C Model Recovery 'altera_reserved_tck'
Slack : 46.276
TNS   : 0.000

Type  : Slow 1200mV 85C Model Removal 'altera_reserved_tck'
Slack : 1.376
TNS   : 0.000

Type  : Slow 1200mV 85C Model Removal 'Clk'
Slack : 1.539
TNS   : 0.000

Type  : Slow 1200mV 85C Model Minimum Pulse Width 'Clk'
Slack : 9.625
TNS   : 0.000

Type  : Slow 1200mV 85C Model Minimum Pulse Width 'altera_reserved_tck'
Slack : 49.630
TNS   : 0.000

Type  : Slow 1200mV 0C Model Setup 'Clk'
Slack : 1.069
TNS   : 0.000

Type  : Slow 1200mV 0C Model Setup 'altera_reserved_tck'
Slack : 46.216
TNS   : 0.000

Type  : Slow 1200mV 0C Model Hold 'Clk'
Slack : 0.338
TNS   : 0.000

Type  : Slow 1200mV 0C Model Hold 'altera_reserved_tck'
Slack : 0.353
TNS   : 0.000

Type  : Slow 1200mV 0C Model Recovery 'Clk'
Slack : 14.688
TNS   : 0.000

Type  : Slow 1200mV 0C Model Recovery 'altera_reserved_tck'
Slack : 46.691
TNS   : 0.000

Type  : Slow 1200mV 0C Model Removal 'altera_reserved_tck'
Slack : 1.254
TNS   : 0.000

Type  : Slow 1200mV 0C Model Removal 'Clk'
Slack : 1.403
TNS   : 0.000

Type  : Slow 1200mV 0C Model Minimum Pulse Width 'Clk'
Slack : 9.616
TNS   : 0.000

Type  : Slow 1200mV 0C Model Minimum Pulse Width 'altera_reserved_tck'
Slack : 49.576
TNS   : 0.000

Type  : Fast 1200mV 0C Model Setup 'Clk'
Slack : 5.078
TNS   : 0.000

Type  : Fast 1200mV 0C Model Setup 'altera_reserved_tck'
Slack : 48.096
TNS   : 0.000

Type  : Fast 1200mV 0C Model Hold 'Clk'
Slack : 0.143
TNS   : 0.000

Type  : Fast 1200mV 0C Model Hold 'altera_reserved_tck'
Slack : 0.180
TNS   : 0.000

Type  : Fast 1200mV 0C Model Recovery 'Clk'
Slack : 16.768
TNS   : 0.000

Type  : Fast 1200mV 0C Model Recovery 'altera_reserved_tck'
Slack : 48.211
TNS   : 0.000

Type  : Fast 1200mV 0C Model Removal 'altera_reserved_tck'
Slack : 0.649
TNS   : 0.000

Type  : Fast 1200mV 0C Model Removal 'Clk'
Slack : 0.745
TNS   : 0.000

Type  : Fast 1200mV 0C Model Minimum Pulse Width 'Clk'
Slack : 9.357
TNS   : 0.000

Type  : Fast 1200mV 0C Model Minimum Pulse Width 'altera_reserved_tck'
Slack : 49.473
TNS   : 0.000

------------------------------------------------------------
